[kefu.dfwefv.top/kefu/678554afdc677.html]
[backblue.gif]
[fade.gif]
[index.html]
[kefu.dfwefv.top/static/layui/css/layui.css]
[kefu.dfwefv.top/static/customer/css/whisper.cli.v2.css]
[kefu.dfwefv.top/static/common/js/jqueryWeui/weui.min.css]
[kefu.dfwefv.top/static/common/js/jqueryWeui/jquery-weui.min.css]
[kefu.dfwefv.top/static/common/css/iconfont.css]
[kefu.dfwefv.top/static/common/jym/index.css]
[kefu.dfwefv.top/static/common/jym/index(1).css]
[kefu.dfwefv.top/static/common/images/kefu.png]
[kefu.dfwefv.top/static/common/images/chat-face.png]
[kefu.dfwefv.top/static/common/images/chat-jia.png]
[kefu.dfwefv.top/static/common/js/jquery.min.js]
[kefu.dfwefv.top/static/common/js/jqueryWeui/jquery-weui.min.js]
[kefu.dfwefv.top/static/layui/layui.js]
[kefu.dfwefv.top/static/common/js/reconnecting-websocket.min.js]
[kefu.dfwefv.top/static/common/js/recorder.js]
[kefu.dfwefv.top/static/common/js/voice.js]
[kefu.dfwefv.top/static/common/js/whisper.v2.js]
[kefu.dfwefv.top/kefu/678554afdc677.html]
[kefu.dfwefv.top/static/layui/css/layui.css]
[kefu.dfwefv.top/static/customer/css/whisper.cli.v2.css]
[kefu.dfwefv.top/static/common/js/jqueryWeui/weui.min.css]
[kefu.dfwefv.top/static/common/js/jqueryWeui/jquery-weui.min.css]
[kefu.dfwefv.top/static/customer/js/whisper.cli.v2.js]
[kefu.dfwefv.top/static/common/css/iconfont7316.eot]
[kefu.dfwefv.top/static/common/css/iconfont7316.woff]
[kefu.dfwefv.top/static/common/css/iconfont7316.ttf]
[kefu.dfwefv.top/static/common/css/iconfont7316.svg]
[kefu.dfwefv.top/static/common/css/iconfont.css]
[gw.alicdn.com/tfs/TB1p1mkqIbpK1RjSZFyXXX_qFXa-70-70.png]
[kefu.dfwefv.top/static/common/jym/index.css]
[kefu.dfwefv.top/static/common/jym/index(1).css]
[kefu.dfwefv.top/static/common/css/iconfont7316.html]
[kefu.dfwefv.top/static/common/css/iconfont7316-2.html]
